#-----------------------------------------------------------
# Vivado v2024.2 (64-bit)
# SW Build 5239630 on Fri Nov 08 22:35:27 MST 2024
# IP Build 5239520 on Sun Nov 10 16:12:51 MST 2024
# SharedData Build 5239561 on Fri Nov 08 14:39:27 MST 2024
# Start of session at: Sat Sep 20 00:59:56 2025
# Process ID         : 16872
# Current directory  : D:/verilog_11/project_16CNN_Accleretor/project_16CNN_Accleretor.runs/synth_1
# Command line       : vivado.exe -log CNN_Accleretor.vds -product Vivado -mode batch -messageDb vivado.pb -notrace -source CNN_Accleretor.tcl
# Log file           : D:/verilog_11/project_16CNN_Accleretor/project_16CNN_Accleretor.runs/synth_1/CNN_Accleretor.vds
# Journal file       : D:/verilog_11/project_16CNN_Accleretor/project_16CNN_Accleretor.runs/synth_1\vivado.jou
# Running On         : DESKTOP-UR0PACQ
# Platform           : Windows Server 2016 or Windows 10
# Operating System   : 26100
# Processor Detail   : 11th Gen Intel(R) Core(TM) i3-1115G4 @ 3.00GHz
# CPU Frequency      : 2995 MHz
# CPU Physical cores : 2
# CPU Logical cores  : 4
# Host memory        : 8311 MB
# Swap memory        : 8027 MB
# Total Virtual      : 16339 MB
# Available Virtual  : 845 MB
#-----------------------------------------------------------
source CNN_Accleretor.tcl -notrace
